Running 6 tests (2026-09-11 14:44:21+0800, selector ‘"^derived-probe-"’)

   passed  1/6  derived-probe-crossing-native-markup (0.352591 sec)
   passed  2/6  derived-probe-narrowing (0.000510 sec)

   passed  3/6  derived-probe-native-interpretation (0.001155 sec)
   passed  4/6  derived-probe-original-org-still-sees-markup (0.000620 sec)
   passed  5/6  derived-probe-source-cases (0.010120 sec)

   passed  6/6  derived-probe-worker-validation-limits (2.603952 sec)

Ran 6 tests, 6 results as expected, 0 unexpected (2026-09-11 14:44:24+0800, 2.969222 sec)

WITHOUT-MASK ("(math (concat \"~foo\" \"bar\"))")
WITH-MASK ("(math (concat \"~foo\" \"bar\"))" "(math \"y\")")
NATIVE-ROUNDTRIP "A (math (frac \"1\" \"2\")) B
" => "A (math (frac \"1\" \"2\")) B
" exact=t
NATIVE-ROUNDTRIP "A (math (concat \"*bold*\" \"[[file:x]]\")) B
" => "A (math (concat \"*bold*\" \"[[file:x]]\")) B
" exact=t
NATIVE-ROUNDTRIP "A (math \"x\") B" => "A (math \"x\") B
" exact=nil
NATIVE-ROUNDTRIP "A (math \"first

second\") B
" => "A (math \"first

second\") B
" exact=t
SEMANTIC-LIMIT "(math (not-a-valid-texmacs-form \"x\"))" => (math (not-a-valid-texmacs-form "x"))
SEMANTIC-LIMIT "(math (frac \"1\"))" => (math (frac "1"))
SEMANTIC-LIMIT "(math)" => (math)
SEMANTIC-LIMIT "(math (frac \"1\" \"2\" \"3\"))" => (math (frac "1" "2" "3"))
